// Jest Snapshot v1, https://goo.gl/fbAQLP

exports[`Button should render layout with label 1`] = `
<button>
  Submit
</button>
`;

exports[`Button should render layout without label 1`] = `<button />`;
